#
# There is insufficient memory for the Java Runtime Environment to continue.
# Native memory allocation (malloc) failed to allocate 1048576 bytes. Error detail: AllocateHeap
# Possible reasons:
#   The system is out of physical RAM or swap space
#   This process is running with CompressedOops enabled, and the Java Heap may be blocking the growth of the native heap
# Possible solutions:
#   Reduce memory load on the system
#   Increase physical memory or swap space
#   Check if swap backing store is full
#   Decrease Java heap size (-Xmx/-Xms)
#   Decrease number of Java threads
#   Decrease Java thread stack sizes (-Xss)
#   Set larger code cache with -XX:ReservedCodeCacheSize=
#   JVM is running with Unscaled Compressed Oops mode in which the Java heap is
#     placed in the first 4GB address space. The Java Heap base address is the
#     maximum limit for the native heap growth. Please use -XX:HeapBaseMinAddress
#     to set the Java Heap base and to place the Java Heap above 4GB virtual address.
# This output file may be truncated or incomplete.
#
#  Out of Memory Error (allocation.cpp:44), pid=28660, tid=30812
#
# JRE version: OpenJDK Runtime Environment Temurin-21.0.9+10 (21.0.9+10) (build 21.0.9+10-LTS)
# Java VM: OpenJDK 64-Bit Server VM Temurin-21.0.9+10 (21.0.9+10-LTS, mixed mode, sharing, tiered, compressed oops, compressed class ptrs, parallel gc, windows-amd64)
# No core dump will be written. Minidumps are not enabled by default on client versions of Windows
#

---------------  S U M M A R Y ------------

Command Line: --add-modules=ALL-SYSTEM --add-opens=java.base/java.util=ALL-UNNAMED --add-opens=java.base/java.lang=ALL-UNNAMED --add-opens=java.base/sun.nio.fs=ALL-UNNAMED -Declipse.application=org.eclipse.jdt.ls.core.id1 -Dosgi.bundles.defaultStartLevel=4 -Declipse.product=org.eclipse.jdt.ls.core.product -Djava.import.generatesMetadataFilesAtProjectRoot=false -DDetectVMInstallationsJob.disabled=true -Dfile.encoding=utf8 -XX:+UseParallelGC -XX:GCTimeRatio=4 -XX:AdaptiveSizePolicyWeight=90 -Dsun.zip.disableMemoryMapping=true -Xmx2G -Xms100m -Xlog:disable -javaagent:c:\Users\LENOVO iD\.cursor\extensions\redhat.java-1.50.0-win32-x64\lombok\lombok-1.18.39-4050.jar -XX:+HeapDumpOnOutOfMemoryError -XX:HeapDumpPath=c:\Users\LENOVO iD\AppData\Roaming\Cursor\User\workspaceStorage\048ef7a64e5ff51046f05953e101c283\redhat.java -Daether.dependencyCollector.impl=bf c:\Users\LENOVO iD\.cursor\extensions\redhat.java-1.50.0-win32-x64\server\plugins\org.eclipse.equinox.launcher_1.7.100.v20251111-0406.jar -configuration c:\Users\LENOVO iD\AppData\Roaming\Cursor\User\globalStorage\redhat.java\1.50.0\config_win -data c:\Users\LENOVO iD\AppData\Roaming\Cursor\User\workspaceStorage\048ef7a64e5ff51046f05953e101c283\redhat.java\jdt_ws --pipe=\\.\pipe\lsp-ab749b1466f389679e1dcd9d7c201c63-sock

Host: AMD Ryzen 5 7640HS w/ Radeon 760M Graphics     , 12 cores, 15G,  Windows 11 , 64 bit Build 26100 (10.0.26100.7309)
Time: Sat Dec  6 15:31:42 2025 SE Asia Standard Time elapsed time: 9744.425343 seconds (0d 2h 42m 24s)

---------------  T H R E A D  ---------------

Current thread (0x000001dd609fed20):  JavaThread "Attach Listener" daemon [_thread_in_vm, id=30812, stack(0x0000008b65b00000,0x0000008b65c00000) (1024K)]

Stack: [0x0000008b65b00000,0x0000008b65c00000]
Native frames: (J=compiled Java code, j=interpreted, Vv=VM code, C=native code)
V  [jvm.dll+0x6d6e29]
V  [jvm.dll+0x8b4b76]
V  [jvm.dll+0x8b712e]
V  [jvm.dll+0x8b7813]
V  [jvm.dll+0x283d86]
V  [jvm.dll+0xc1277]
V  [jvm.dll+0x6d76d9]
V  [jvm.dll+0x133466]
V  [jvm.dll+0x3f7ea6]
V  [jvm.dll+0x85e9ad]
V  [jvm.dll+0x6d565d]
C  [ucrtbase.dll+0x37b0]
C  [KERNEL32.DLL+0x2e8d7]
C  [ntdll.dll+0x8c53c]


---------------  P R O C E S S  ---------------

Threads class SMR info:
_java_thread_list=0x000001dd691d41b0, length=39, elements={
0x000001dd45cc7bc0, 0x000001dd609f42a0, 0x000001dd609f50b0, 0x000001dd609fa7d0,
0x000001dd609fed20, 0x000001dd60a01780, 0x000001dd60a021d0, 0x000001dd60a05010,
0x000001dd60a09210, 0x000001dd60bf4480, 0x000001dd60d655c0, 0x000001dd65679a90,
0x000001dd6530ccd0, 0x000001dd6577b610, 0x000001dd6577c410, 0x000001dd60d40fd0,
0x000001dd65344350, 0x000001dd6588b020, 0x000001dd65388410, 0x000001dd6542fd40,
0x000001dd6542e990, 0x000001dd6542f020, 0x000001dd680cc2c0, 0x000001dd680cbc30,
0x000001dd680cc950, 0x000001dd680ccfe0, 0x000001dd680c9b60, 0x000001dd680cd670,
0x000001dd680ca1f0, 0x000001dd680cdd00, 0x000001dd680ca880, 0x000001dd680cb5a0,
0x000001dd680caf10, 0x000001dd680ce390, 0x000001dd680cea20, 0x000001dd680d1180,
0x000001dd680cfdd0, 0x000001dd6542f6b0, 0x000001dd6542e300
}

Java Threads: ( => current thread )
  0x000001dd45cc7bc0 JavaThread "main"                              [_thread_blocked, id=26688, stack(0x0000008b65400000,0x0000008b65500000) (1024K)]
  0x000001dd609f42a0 JavaThread "Reference Handler"          daemon [_thread_blocked, id=41184, stack(0x0000008b65800000,0x0000008b65900000) (1024K)]
  0x000001dd609f50b0 JavaThread "Finalizer"                  daemon [_thread_blocked, id=37164, stack(0x0000008b65900000,0x0000008b65a00000) (1024K)]
  0x000001dd609fa7d0 JavaThread "Signal Dispatcher"          daemon [_thread_blocked, id=39632, stack(0x0000008b65a00000,0x0000008b65b00000) (1024K)]
=>0x000001dd609fed20 JavaThread "Attach Listener"            daemon [_thread_in_vm, id=30812, stack(0x0000008b65b00000,0x0000008b65c00000) (1024K)]
  0x000001dd60a01780 JavaThread "Service Thread"             daemon [_thread_blocked, id=29884, stack(0x0000008b65c00000,0x0000008b65d00000) (1024K)]
  0x000001dd60a021d0 JavaThread "Monitor Deflation Thread"   daemon [_thread_blocked, id=34448, stack(0x0000008b65d00000,0x0000008b65e00000) (1024K)]
  0x000001dd60a05010 JavaThread "C2 CompilerThread0"         daemon [_thread_blocked, id=33020, stack(0x0000008b65e00000,0x0000008b65f00000) (1024K)]
  0x000001dd60a09210 JavaThread "C1 CompilerThread0"         daemon [_thread_blocked, id=25128, stack(0x0000008b65f00000,0x0000008b66000000) (1024K)]
  0x000001dd60bf4480 JavaThread "Common-Cleaner"             daemon [_thread_blocked, id=37364, stack(0x0000008b66000000,0x0000008b66100000) (1024K)]
  0x000001dd60d655c0 JavaThread "Notification Thread"        daemon [_thread_blocked, id=35060, stack(0x0000008b66100000,0x0000008b66200000) (1024K)]
  0x000001dd65679a90 JavaThread "Active Thread: Equinox Container: ab46c825-1142-482d-b47a-7a1d68a0ce0f"        [_thread_blocked, id=34676, stack(0x0000008b66a00000,0x0000008b66b00000) (1024K)]
  0x000001dd6530ccd0 JavaThread "Refresh Thread: Equinox Container: ab46c825-1142-482d-b47a-7a1d68a0ce0f" daemon [_thread_blocked, id=36556, stack(0x0000008b66200000,0x0000008b66300000) (1024K)]
  0x000001dd6577b610 JavaThread "Framework Event Dispatcher: Equinox Container: ab46c825-1142-482d-b47a-7a1d68a0ce0f" daemon [_thread_blocked, id=37636, stack(0x0000008b66b00000,0x0000008b66c00000) (1024K)]
  0x000001dd6577c410 JavaThread "Start Level: Equinox Container: ab46c825-1142-482d-b47a-7a1d68a0ce0f" daemon [_thread_blocked, id=27348, stack(0x0000008b66c00000,0x0000008b66d00000) (1024K)]
  0x000001dd60d40fd0 JavaThread "Bundle File Closer"         daemon [_thread_blocked, id=38244, stack(0x0000008b66d00000,0x0000008b66e00000) (1024K)]
  0x000001dd65344350 JavaThread "SCR Component Actor"        daemon [_thread_blocked, id=13820, stack(0x0000008b65100000,0x0000008b65200000) (1024K)]
  0x000001dd6588b020 JavaThread "Worker-JM"                         [_thread_blocked, id=33752, stack(0x0000008b67100000,0x0000008b67200000) (1024K)]
  0x000001dd65388410 JavaThread "JNA Cleaner"                daemon [_thread_blocked, id=18376, stack(0x0000008b67200000,0x0000008b67300000) (1024K)]
  0x000001dd6542fd40 JavaThread "Java indexing"              daemon [_thread_blocked, id=29656, stack(0x0000008b67700000,0x0000008b67800000) (1024K)]
  0x000001dd6542e990 JavaThread "Thread-1"                   daemon [_thread_in_native, id=42940, stack(0x0000008b67d00000,0x0000008b67e00000) (1024K)]
  0x000001dd6542f020 JavaThread "Thread-2"                   daemon [_thread_in_native, id=20232, stack(0x0000008b67e00000,0x0000008b67f00000) (1024K)]
  0x000001dd680cc2c0 JavaThread "Thread-3"                   daemon [_thread_in_native, id=37300, stack(0x0000008b67f00000,0x0000008b68000000) (1024K)]
  0x000001dd680cbc30 JavaThread "Thread-4"                   daemon [_thread_in_native, id=29576, stack(0x0000008b68000000,0x0000008b68100000) (1024K)]
  0x000001dd680cc950 JavaThread "Thread-5"                   daemon [_thread_in_native, id=40772, stack(0x0000008b68100000,0x0000008b68200000) (1024K)]
  0x000001dd680ccfe0 JavaThread "Thread-6"                   daemon [_thread_in_native, id=31152, stack(0x0000008b68200000,0x0000008b68300000) (1024K)]
  0x000001dd680c9b60 JavaThread "Thread-7"                   daemon [_thread_in_native, id=12136, stack(0x0000008b68300000,0x0000008b68400000) (1024K)]
  0x000001dd680cd670 JavaThread "Thread-8"                   daemon [_thread_in_native, id=14624, stack(0x0000008b68400000,0x0000008b68500000) (1024K)]
  0x000001dd680ca1f0 JavaThread "Thread-9"                   daemon [_thread_in_native, id=35124, stack(0x0000008b68500000,0x0000008b68600000) (1024K)]
  0x000001dd680cdd00 JavaThread "Thread-10"                  daemon [_thread_in_native, id=13168, stack(0x0000008b68600000,0x0000008b68700000) (1024K)]
  0x000001dd680ca880 JavaThread "Thread-11"                  daemon [_thread_in_native, id=22368, stack(0x0000008b68700000,0x0000008b68800000) (1024K)]
  0x000001dd680cb5a0 JavaThread "Thread-12"                  daemon [_thread_in_native, id=9280, stack(0x0000008b68800000,0x0000008b68900000) (1024K)]
  0x000001dd680caf10 JavaThread "Thread-13"                  daemon [_thread_in_native, id=27704, stack(0x0000008b68900000,0x0000008b68a00000) (1024K)]
  0x000001dd680ce390 JavaThread "pool-2-thread-1"                   [_thread_blocked, id=7000, stack(0x0000008b68a00000,0x0000008b68b00000) (1024K)]
  0x000001dd680cea20 JavaThread "WorkspaceEventsHandler"            [_thread_blocked, id=36176, stack(0x0000008b68b00000,0x0000008b68c00000) (1024K)]
  0x000001dd680d1180 JavaThread "pool-1-thread-1"                   [_thread_blocked, id=3288, stack(0x0000008b68c00000,0x0000008b68d00000) (1024K)]
  0x000001dd680cfdd0 JavaThread "Timer-0"                           [_thread_blocked, id=29708, stack(0x0000008b68f00000,0x0000008b69000000) (1024K)]
  0x000001dd6542f6b0 JavaThread "Worker-9"                          [_thread_blocked, id=30140, stack(0x0000008b67000000,0x0000008b67100000) (1024K)]
  0x000001dd6542e300 JavaThread "Worker-12"                         [_thread_blocked, id=37320, stack(0x0000008b65200000,0x0000008b65300000) (1024K)]
Total: 39

Other Threads:
  0x000001dd481eeb30 VMThread "VM Thread"                           [id=30396, stack(0x0000008b65700000,0x0000008b65800000) (1024K)]
  0x000001dd4819bcc0 WatcherThread "VM Periodic Task Thread"        [id=30640, stack(0x0000008b65600000,0x0000008b65700000) (1024K)]
  0x000001dd4814d180 WorkerThread "GC Thread#0"                     [id=26080, stack(0x0000008b65500000,0x0000008b65600000) (1024K)]
  0x000001dd659c7280 WorkerThread "GC Thread#1"                     [id=24732, stack(0x0000008b66400000,0x0000008b66500000) (1024K)]
  0x000001dd659c7620 WorkerThread "GC Thread#2"                     [id=29704, stack(0x0000008b66500000,0x0000008b66600000) (1024K)]
  0x000001dd65288490 WorkerThread "GC Thread#3"                     [id=27208, stack(0x0000008b66600000,0x0000008b66700000) (1024K)]
  0x000001dd65288830 WorkerThread "GC Thread#4"                     [id=41988, stack(0x0000008b66700000,0x0000008b66800000) (1024K)]
  0x000001dd65288bd0 WorkerThread "GC Thread#5"                     [id=35896, stack(0x0000008b66800000,0x0000008b66900000) (1024K)]
  0x000001dd655c5ca0 WorkerThread "GC Thread#6"                     [id=32200, stack(0x0000008b66900000,0x0000008b66a00000) (1024K)]
  0x000001dd655c5560 WorkerThread "GC Thread#7"                     [id=23208, stack(0x0000008b66300000,0x0000008b66400000) (1024K)]
  0x000001dd655c46e0 WorkerThread "GC Thread#8"                     [id=21648, stack(0x0000008b66e00000,0x0000008b66f00000) (1024K)]
  0x000001dd655c4e20 WorkerThread "GC Thread#9"                     [id=32388, stack(0x0000008b66f00000,0x0000008b67000000) (1024K)]
Total: 12

Threads with active compile tasks:
Total: 0

VM state: not at safepoint (normal execution)

VM Mutex/Monitor currently owned by a thread: None

Heap address: 0x0000000080000000, size: 2048 MB, Compressed Oops mode: 32-bit

CDS archive(s) mapped at: [0x000001dd00000000-0x000001dd00ba0000-0x000001dd00ba0000), size 12189696, SharedBaseAddress: 0x000001dd00000000, ArchiveRelocationMode: 1.
Compressed class space mapped at: 0x000001dd01000000-0x000001dd41000000, reserved size: 1073741824
Narrow klass base: 0x000001dd00000000, Narrow klass shift: 0, Narrow klass range: 0x100000000

GC Precious Log:
 CardTable entry size: 512
 CPUs: 12 total, 12 available
 Memory: 15554M
 Large Page Support: Disabled
 NUMA Support: Disabled
 Compressed Oops: Enabled (32-bit)
 Alignments: Space 512K, Generation 512K, Heap 2M
 Heap Min Capacity: 100M
 Heap Initial Capacity: 100M
 Heap Max Capacity: 2G
 Pre-touch: Disabled
 Parallel Workers: 10

Heap:
 PSYoungGen      total 12800K, used 4803K [0x00000000d5580000, 0x00000000d6300000, 0x0000000100000000)
  eden space 12288K, 36% used [0x00000000d5580000,0x00000000d59e0fd8,0x00000000d6180000)
  from space 512K, 62% used [0x00000000d6200000,0x00000000d6250000,0x00000000d6280000)
  to   space 512K, 0% used [0x00000000d6280000,0x00000000d6280000,0x00000000d6300000)
 ParOldGen       total 68608K, used 49204K [0x0000000080000000, 0x0000000084300000, 0x00000000d5580000)
  object space 68608K, 71% used [0x0000000080000000,0x000000008300d2a8,0x0000000084300000)
 Metaspace       used 58613K, committed 59968K, reserved 1114112K
  class space    used 6666K, committed 7360K, reserved 1048576K

Card table byte_map: [0x000001dd47ad0000,0x000001dd47ee0000] _byte_map_base: 0x000001dd476d0000

Marking Bits: (ParMarkBitMap*) 0x00007ffe222e2460
 Begin Bits: [0x000001dd5a5e0000, 0x000001dd5c5e0000)
 End Bits:   [0x000001dd5c5e0000, 0x000001dd5e5e0000)

Polling page: 0x000001dd45f60000

Metaspace:

Usage:
  Non-class:     50.73 MB used.
      Class:      6.51 MB used.
       Both:     57.24 MB used.

Virtual space:
  Non-class space:       64.00 MB reserved,      51.38 MB ( 80%) committed,  1 nodes.
      Class space:        1.00 GB reserved,       7.19 MB ( <1%) committed,  1 nodes.
             Both:        1.06 GB reserved,      58.56 MB (  5%) committed. 

Chunk freelists:
   Non-Class:  12.60 MB
       Class:  8.92 MB
        Both:  21.52 MB

MaxMetaspaceSize: unlimited
CompressedClassSpaceSize: 1.00 GB
Initial GC threshold: 21.00 MB
Current GC threshold: 97.31 MB
CDS: on
 - commit_granule_bytes: 65536.
 - commit_granule_words: 8192.
 - virtual_space_node_default_size: 8388608.
 - enlarge_chunks_in_place: 1.
 - use_allocation_guard: 0.


Internal statistics:

num_allocs_failed_limit: 9.
num_arena_births: 1058.
num_arena_deaths: 370.
num_vsnodes_births: 2.
num_vsnodes_deaths: 0.
num_space_committed: 937.
num_space_uncommitted: 0.
num_chunks_returned_to_freelist: 414.
num_chunks_taken_from_freelist: 3780.
num_chunk_merges: 107.
num_chunk_splits: 2301.
num_chunks_enlarged: 1421.
num_inconsistent_stats: 0.

CodeHeap 'non-profiled nmethods': size=120000Kb used=6095Kb max_used=6095Kb free=113904Kb
 bounds [0x000001dd52e00000, 0x000001dd53400000, 0x000001dd5a330000]
CodeHeap 'profiled nmethods': size=120000Kb used=18411Kb max_used=18411Kb free=101588Kb
 bounds [0x000001dd4b330000, 0x000001dd4c530000, 0x000001dd52860000]
CodeHeap 'non-nmethods': size=5760Kb used=1398Kb max_used=1460Kb free=4361Kb
 bounds [0x000001dd52860000, 0x000001dd52ad0000, 0x000001dd52e00000]
CodeCache: size=245760Kb, used=25904Kb, max_used=25966Kb, free=219853Kb
 total_blobs=9543, nmethods=8853, adapters=596, full_count=0
Compilation: enabled, stopped_count=0, restarted_count=0

Compilation events (20 events):
Event: 9587.968 Thread 0x000001dd60a09210 9596       3       org.eclipse.jdt.core.IClasspathEntry::isTest (61 bytes)
Event: 9587.969 Thread 0x000001dd60a09210 nmethod 9596 0x000001dd4c523790 code [0x000001dd4c523980, 0x000001dd4c523d88]
Event: 9591.210 Thread 0x000001dd60a05010 9597       4       java.util.concurrent.ThreadPoolExecutor::afterExecute (1 bytes)
Event: 9591.211 Thread 0x000001dd60a05010 nmethod 9597 0x000001dd533f3c10 code [0x000001dd533f3da0, 0x000001dd533f3e28]
Event: 9696.506 Thread 0x000001dd60a09210 9598   !   3       org.eclipse.lsp4j.jsonrpc.json.MessageJsonHandler::parseMessage (119 bytes)
Event: 9696.511 Thread 0x000001dd60a09210 nmethod 9598 0x000001dd4c523f90 code [0x000001dd4c524260, 0x000001dd4c524fb0]
Event: 9696.511 Thread 0x000001dd60a09210 9599       3       org.eclipse.lsp4j.jsonrpc.util.LimitedInputStream::available (26 bytes)
Event: 9696.513 Thread 0x000001dd60a09210 nmethod 9599 0x000001dd4c525690 code [0x000001dd4c525860, 0x000001dd4c525b68]
Event: 9696.513 Thread 0x000001dd60a09210 9600       3       org.eclipse.lsp4j.jsonrpc.json.adapters.MessageTypeAdapter::read (6 bytes)
Event: 9696.514 Thread 0x000001dd60a09210 nmethod 9600 0x000001dd4c525c90 code [0x000001dd4c525e40, 0x000001dd4c525f98]
Event: 9696.514 Thread 0x000001dd60a09210 9601       3       org.eclipse.lsp4j.jsonrpc.RemoteEndpoint::consume (73 bytes)
Event: 9696.518 Thread 0x000001dd60a09210 nmethod 9601 0x000001dd4c526090 code [0x000001dd4c5262e0, 0x000001dd4c526d38]
Event: 9696.518 Thread 0x000001dd60a09210 9602       3       org.eclipse.lsp4j.jsonrpc.util.LimitedInputStream::close (20 bytes)
Event: 9696.518 Thread 0x000001dd60a09210 nmethod 9602 0x000001dd4c526f10 code [0x000001dd4c5270c0, 0x000001dd4c5272d8]
Event: 9707.098 Thread 0x000001dd60a09210 9603       3       org.eclipse.core.internal.resources.Container::members (55 bytes)
Event: 9707.104 Thread 0x000001dd60a09210 nmethod 9603 0x000001dd4c527390 code [0x000001dd4c5275e0, 0x000001dd4c5281a8]
Event: 9707.104 Thread 0x000001dd60a09210 9605   !   3       org.eclipse.jdt.apt.core.internal.generatedfile.WorkingCopyCleanupListener::processElementDelta (154 bytes)
Event: 9707.109 Thread 0x000001dd60a09210 nmethod 9605 0x000001dd4c528590 code [0x000001dd4c528860, 0x000001dd4c5296f8]
Event: 9707.109 Thread 0x000001dd60a09210 9604       3       org.eclipse.core.internal.resources.File::updateMetadataFiles (86 bytes)
Event: 9707.114 Thread 0x000001dd60a09210 nmethod 9604 0x000001dd4c529b90 code [0x000001dd4c529e20, 0x000001dd4c52ab30]

GC Heap History (20 events):
Event: 3087.461 GC heap before
{Heap before GC invocations=47 (full 2):
 PSYoungGen      total 12800K, used 12608K [0x00000000d5580000, 0x00000000d6300000, 0x0000000100000000)
  eden space 12288K, 100% used [0x00000000d5580000,0x00000000d6180000,0x00000000d6180000)
  from space 512K, 62% used [0x00000000d6280000,0x00000000d62d0000,0x00000000d6300000)
  to   space 512K, 0% used [0x00000000d6200000,0x00000000d6200000,0x00000000d6280000)
 ParOldGen       total 68608K, used 55777K [0x0000000080000000, 0x0000000084300000, 0x00000000d5580000)
  object space 68608K, 81% used [0x0000000080000000,0x0000000083678760,0x0000000084300000)
 Metaspace       used 58159K, committed 59520K, reserved 1114112K
  class space    used 6738K, committed 7360K, reserved 1048576K
}
Event: 3087.471 GC heap after
{Heap after GC invocations=47 (full 2):
 PSYoungGen      total 12800K, used 320K [0x00000000d5580000, 0x00000000d6300000, 0x0000000100000000)
  eden space 12288K, 0% used [0x00000000d5580000,0x00000000d5580000,0x00000000d6180000)
  from space 512K, 62% used [0x00000000d6200000,0x00000000d6250000,0x00000000d6280000)
  to   space 512K, 0% used [0x00000000d6280000,0x00000000d6280000,0x00000000d6300000)
 ParOldGen       total 68608K, used 55873K [0x0000000080000000, 0x0000000084300000, 0x00000000d5580000)
  object space 68608K, 81% used [0x0000000080000000,0x0000000083690760,0x0000000084300000)
 Metaspace       used 58159K, committed 59520K, reserved 1114112K
  class space    used 6738K, committed 7360K, reserved 1048576K
}
Event: 4220.510 GC heap before
{Heap before GC invocations=48 (full 2):
 PSYoungGen      total 12800K, used 12608K [0x00000000d5580000, 0x00000000d6300000, 0x0000000100000000)
  eden space 12288K, 100% used [0x00000000d5580000,0x00000000d6180000,0x00000000d6180000)
  from space 512K, 62% used [0x00000000d6200000,0x00000000d6250000,0x00000000d6280000)
  to   space 512K, 0% used [0x00000000d6280000,0x00000000d6280000,0x00000000d6300000)
 ParOldGen       total 68608K, used 55873K [0x0000000080000000, 0x0000000084300000, 0x00000000d5580000)
  object space 68608K, 81% used [0x0000000080000000,0x0000000083690760,0x0000000084300000)
 Metaspace       used 58348K, committed 59776K, reserved 1114112K
  class space    used 6746K, committed 7360K, reserved 1048576K
}
Event: 4220.524 GC heap after
{Heap after GC invocations=48 (full 2):
 PSYoungGen      total 12800K, used 320K [0x00000000d5580000, 0x00000000d6300000, 0x0000000100000000)
  eden space 12288K, 0% used [0x00000000d5580000,0x00000000d5580000,0x00000000d6180000)
  from space 512K, 62% used [0x00000000d6280000,0x00000000d62d0000,0x00000000d6300000)
  to   space 512K, 0% used [0x00000000d6200000,0x00000000d6200000,0x00000000d6280000)
 ParOldGen       total 68608K, used 55961K [0x0000000080000000, 0x0000000084300000, 0x00000000d5580000)
  object space 68608K, 81% used [0x0000000080000000,0x00000000836a6760,0x0000000084300000)
 Metaspace       used 58348K, committed 59776K, reserved 1114112K
  class space    used 6746K, committed 7360K, reserved 1048576K
}
Event: 4279.829 GC heap before
{Heap before GC invocations=49 (full 2):
 PSYoungGen      total 12800K, used 2102K [0x00000000d5580000, 0x00000000d6300000, 0x0000000100000000)
  eden space 12288K, 14% used [0x00000000d5580000,0x00000000d573dbd0,0x00000000d6180000)
  from space 512K, 62% used [0x00000000d6280000,0x00000000d62d0000,0x00000000d6300000)
  to   space 512K, 0% used [0x00000000d6200000,0x00000000d6200000,0x00000000d6280000)
 ParOldGen       total 68608K, used 55961K [0x0000000080000000, 0x0000000084300000, 0x00000000d5580000)
  object space 68608K, 81% used [0x0000000080000000,0x00000000836a6760,0x0000000084300000)
 Metaspace       used 58364K, committed 59776K, reserved 1114112K
  class space    used 6746K, committed 7360K, reserved 1048576K
}
Event: 4279.830 GC heap after
{Heap after GC invocations=49 (full 2):
 PSYoungGen      total 12800K, used 224K [0x00000000d5580000, 0x00000000d6300000, 0x0000000100000000)
  eden space 12288K, 0% used [0x00000000d5580000,0x00000000d5580000,0x00000000d6180000)
  from space 512K, 43% used [0x00000000d6200000,0x00000000d6238000,0x00000000d6280000)
  to   space 512K, 0% used [0x00000000d6280000,0x00000000d6280000,0x00000000d6300000)
 ParOldGen       total 68608K, used 56049K [0x0000000080000000, 0x0000000084300000, 0x00000000d5580000)
  object space 68608K, 81% used [0x0000000080000000,0x00000000836bc760,0x0000000084300000)
 Metaspace       used 58364K, committed 59776K, reserved 1114112K
  class space    used 6746K, committed 7360K, reserved 1048576K
}
Event: 4279.830 GC heap before
{Heap before GC invocations=50 (full 3):
 PSYoungGen      total 12800K, used 224K [0x00000000d5580000, 0x00000000d6300000, 0x0000000100000000)
  eden space 12288K, 0% used [0x00000000d5580000,0x00000000d5580000,0x00000000d6180000)
  from space 512K, 43% used [0x00000000d6200000,0x00000000d6238000,0x00000000d6280000)
  to   space 512K, 0% used [0x00000000d6280000,0x00000000d6280000,0x00000000d6300000)
 ParOldGen       total 68608K, used 56049K [0x0000000080000000, 0x0000000084300000, 0x00000000d5580000)
  object space 68608K, 81% used [0x0000000080000000,0x00000000836bc760,0x0000000084300000)
 Metaspace       used 58364K, committed 59776K, reserved 1114112K
  class space    used 6746K, committed 7360K, reserved 1048576K
}
Event: 4280.659 GC heap after
{Heap after GC invocations=50 (full 3):
 PSYoungGen      total 12800K, used 0K [0x00000000d5580000, 0x00000000d6300000, 0x0000000100000000)
  eden space 12288K, 0% used [0x00000000d5580000,0x00000000d5580000,0x00000000d6180000)
  from space 512K, 0% used [0x00000000d6200000,0x00000000d6200000,0x00000000d6280000)
  to   space 512K, 0% used [0x00000000d6280000,0x00000000d6280000,0x00000000d6300000)
 ParOldGen       total 68608K, used 48708K [0x0000000080000000, 0x0000000084300000, 0x00000000d5580000)
  object space 68608K, 70% used [0x0000000080000000,0x0000000082f912a8,0x0000000084300000)
 Metaspace       used 58047K, committed 59776K, reserved 1114112K
  class space    used 6659K, committed 7360K, reserved 1048576K
}
Event: 5088.574 GC heap before
{Heap before GC invocations=51 (full 3):
 PSYoungGen      total 12800K, used 12288K [0x00000000d5580000, 0x00000000d6300000, 0x0000000100000000)
  eden space 12288K, 100% used [0x00000000d5580000,0x00000000d6180000,0x00000000d6180000)
  from space 512K, 0% used [0x00000000d6200000,0x00000000d6200000,0x00000000d6280000)
  to   space 512K, 0% used [0x00000000d6280000,0x00000000d6280000,0x00000000d6300000)
 ParOldGen       total 68608K, used 48708K [0x0000000080000000, 0x0000000084300000, 0x00000000d5580000)
  object space 68608K, 70% used [0x0000000080000000,0x0000000082f912a8,0x0000000084300000)
 Metaspace       used 58136K, committed 59776K, reserved 1114112K
  class space    used 6659K, committed 7360K, reserved 1048576K
}
Event: 5088.591 GC heap after
{Heap after GC invocations=51 (full 3):
 PSYoungGen      total 12800K, used 320K [0x00000000d5580000, 0x00000000d6300000, 0x0000000100000000)
  eden space 12288K, 0% used [0x00000000d5580000,0x00000000d5580000,0x00000000d6180000)
  from space 512K, 62% used [0x00000000d6280000,0x00000000d62d0000,0x00000000d6300000)
  to   space 512K, 0% used [0x00000000d6200000,0x00000000d6200000,0x00000000d6280000)
 ParOldGen       total 68608K, used 48716K [0x0000000080000000, 0x0000000084300000, 0x00000000d5580000)
  object space 68608K, 71% used [0x0000000080000000,0x0000000082f932a8,0x0000000084300000)
 Metaspace       used 58136K, committed 59776K, reserved 1114112K
  class space    used 6659K, committed 7360K, reserved 1048576K
}
Event: 5607.544 GC heap before
{Heap before GC invocations=52 (full 3):
 PSYoungGen      total 12800K, used 12608K [0x00000000d5580000, 0x00000000d6300000, 0x0000000100000000)
  eden space 12288K, 100% used [0x00000000d5580000,0x00000000d6180000,0x00000000d6180000)
  from space 512K, 62% used [0x00000000d6280000,0x00000000d62d0000,0x00000000d6300000)
  to   space 512K, 0% used [0x00000000d6200000,0x00000000d6200000,0x00000000d6280000)
 ParOldGen       total 68608K, used 48716K [0x0000000080000000, 0x0000000084300000, 0x00000000d5580000)
  object space 68608K, 71% used [0x0000000080000000,0x0000000082f932a8,0x0000000084300000)
 Metaspace       used 58302K, committed 59840K, reserved 1114112K
  class space    used 6664K, committed 7360K, reserved 1048576K
}
Event: 5607.551 GC heap after
{Heap after GC invocations=52 (full 3):
 PSYoungGen      total 12800K, used 320K [0x00000000d5580000, 0x00000000d6300000, 0x0000000100000000)
  eden space 12288K, 0% used [0x00000000d5580000,0x00000000d5580000,0x00000000d6180000)
  from space 512K, 62% used [0x00000000d6200000,0x00000000d6250000,0x00000000d6280000)
  to   space 512K, 0% used [0x00000000d6280000,0x00000000d6280000,0x00000000d6300000)
 ParOldGen       total 68608K, used 48812K [0x0000000080000000, 0x0000000084300000, 0x00000000d5580000)
  object space 68608K, 71% used [0x0000000080000000,0x0000000082fab2a8,0x0000000084300000)
 Metaspace       used 58302K, committed 59840K, reserved 1114112K
  class space    used 6664K, committed 7360K, reserved 1048576K
}
Event: 6578.266 GC heap before
{Heap before GC invocations=53 (full 3):
 PSYoungGen      total 12800K, used 12608K [0x00000000d5580000, 0x00000000d6300000, 0x0000000100000000)
  eden space 12288K, 100% used [0x00000000d5580000,0x00000000d6180000,0x00000000d6180000)
  from space 512K, 62% used [0x00000000d6200000,0x00000000d6250000,0x00000000d6280000)
  to   space 512K, 0% used [0x00000000d6280000,0x00000000d6280000,0x00000000d6300000)
 ParOldGen       total 68608K, used 48812K [0x0000000080000000, 0x0000000084300000, 0x00000000d5580000)
  object space 68608K, 71% used [0x0000000080000000,0x0000000082fab2a8,0x0000000084300000)
 Metaspace       used 58368K, committed 59904K, reserved 1114112K
  class space    used 6664K, committed 7360K, reserved 1048576K
}
Event: 6578.274 GC heap after
{Heap after GC invocations=53 (full 3):
 PSYoungGen      total 12800K, used 288K [0x00000000d5580000, 0x00000000d6300000, 0x0000000100000000)
  eden space 12288K, 0% used [0x00000000d5580000,0x00000000d5580000,0x00000000d6180000)
  from space 512K, 56% used [0x00000000d6280000,0x00000000d62c8000,0x00000000d6300000)
  to   space 512K, 0% used [0x00000000d6200000,0x00000000d6200000,0x00000000d6280000)
 ParOldGen       total 68608K, used 48916K [0x0000000080000000, 0x0000000084300000, 0x00000000d5580000)
  object space 68608K, 71% used [0x0000000080000000,0x0000000082fc52a8,0x0000000084300000)
 Metaspace       used 58368K, committed 59904K, reserved 1114112K
  class space    used 6664K, committed 7360K, reserved 1048576K
}
Event: 7431.384 GC heap before
{Heap before GC invocations=54 (full 3):
 PSYoungGen      total 12800K, used 12576K [0x00000000d5580000, 0x00000000d6300000, 0x0000000100000000)
  eden space 12288K, 100% used [0x00000000d5580000,0x00000000d6180000,0x00000000d6180000)
  from space 512K, 56% used [0x00000000d6280000,0x00000000d62c8000,0x00000000d6300000)
  to   space 512K, 0% used [0x00000000d6200000,0x00000000d6200000,0x00000000d6280000)
 ParOldGen       total 68608K, used 48916K [0x0000000080000000, 0x0000000084300000, 0x00000000d5580000)
  object space 68608K, 71% used [0x0000000080000000,0x0000000082fc52a8,0x0000000084300000)
 Metaspace       used 58447K, committed 59904K, reserved 1114112K
  class space    used 6664K, committed 7360K, reserved 1048576K
}
Event: 7431.389 GC heap after
{Heap after GC invocations=54 (full 3):
 PSYoungGen      total 12800K, used 288K [0x00000000d5580000, 0x00000000d6300000, 0x0000000100000000)
  eden space 12288K, 0% used [0x00000000d5580000,0x00000000d5580000,0x00000000d6180000)
  from space 512K, 56% used [0x00000000d6200000,0x00000000d6248000,0x00000000d6280000)
  to   space 512K, 0% used [0x00000000d6280000,0x00000000d6280000,0x00000000d6300000)
 ParOldGen       total 68608K, used 49004K [0x0000000080000000, 0x0000000084300000, 0x00000000d5580000)
  object space 68608K, 71% used [0x0000000080000000,0x0000000082fdb2a8,0x0000000084300000)
 Metaspace       used 58447K, committed 59904K, reserved 1114112K
  class space    used 6664K, committed 7360K, reserved 1048576K
}
Event: 8590.497 GC heap before
{Heap before GC invocations=55 (full 3):
 PSYoungGen      total 12800K, used 12576K [0x00000000d5580000, 0x00000000d6300000, 0x0000000100000000)
  eden space 12288K, 100% used [0x00000000d5580000,0x00000000d6180000,0x00000000d6180000)
  from space 512K, 56% used [0x00000000d6200000,0x00000000d6248000,0x00000000d6280000)
  to   space 512K, 0% used [0x00000000d6280000,0x00000000d6280000,0x00000000d6300000)
 ParOldGen       total 68608K, used 49004K [0x0000000080000000, 0x0000000084300000, 0x00000000d5580000)
  object space 68608K, 71% used [0x0000000080000000,0x0000000082fdb2a8,0x0000000084300000)
 Metaspace       used 58539K, committed 59968K, reserved 1114112K
  class space    used 6666K, committed 7360K, reserved 1048576K
}
Event: 8590.505 GC heap after
{Heap after GC invocations=55 (full 3):
 PSYoungGen      total 12800K, used 320K [0x00000000d5580000, 0x00000000d6300000, 0x0000000100000000)
  eden space 12288K, 0% used [0x00000000d5580000,0x00000000d5580000,0x00000000d6180000)
  from space 512K, 62% used [0x00000000d6280000,0x00000000d62d0000,0x00000000d6300000)
  to   space 512K, 0% used [0x00000000d6200000,0x00000000d6200000,0x00000000d6280000)
 ParOldGen       total 68608K, used 49108K [0x0000000080000000, 0x0000000084300000, 0x00000000d5580000)
  object space 68608K, 71% used [0x0000000080000000,0x0000000082ff52a8,0x0000000084300000)
 Metaspace       used 58539K, committed 59968K, reserved 1114112K
  class space    used 6666K, committed 7360K, reserved 1048576K
}
Event: 9530.562 GC heap before
{Heap before GC invocations=56 (full 3):
 PSYoungGen      total 12800K, used 12607K [0x00000000d5580000, 0x00000000d6300000, 0x0000000100000000)
  eden space 12288K, 99% used [0x00000000d5580000,0x00000000d617fff0,0x00000000d6180000)
  from space 512K, 62% used [0x00000000d6280000,0x00000000d62d0000,0x00000000d6300000)
  to   space 512K, 0% used [0x00000000d6200000,0x00000000d6200000,0x00000000d6280000)
 ParOldGen       total 68608K, used 49108K [0x0000000080000000, 0x0000000084300000, 0x00000000d5580000)
  object space 68608K, 71% used [0x0000000080000000,0x0000000082ff52a8,0x0000000084300000)
 Metaspace       used 58578K, committed 59968K, reserved 1114112K
  class space    used 6666K, committed 7360K, reserved 1048576K
}
Event: 9530.572 GC heap after
{Heap after GC invocations=56 (full 3):
 PSYoungGen      total 12800K, used 320K [0x00000000d5580000, 0x00000000d6300000, 0x0000000100000000)
  eden space 12288K, 0% used [0x00000000d5580000,0x00000000d5580000,0x00000000d6180000)
  from space 512K, 62% used [0x00000000d6200000,0x00000000d6250000,0x00000000d6280000)
  to   space 512K, 0% used [0x00000000d6280000,0x00000000d6280000,0x00000000d6300000)
 ParOldGen       total 68608K, used 49204K [0x0000000080000000, 0x0000000084300000, 0x00000000d5580000)
  object space 68608K, 71% used [0x0000000080000000,0x000000008300d2a8,0x0000000084300000)
 Metaspace       used 58578K, committed 59968K, reserved 1114112K
  class space    used 6666K, committed 7360K, reserved 1048576K
}

Dll operation events (13 events):
Event: 0.015 Loaded shared library c:\Users\LENOVO iD\.cursor\extensions\redhat.java-1.50.0-win32-x64\jre\21.0.9-win32-x86_64\bin\java.dll
Event: 0.189 Loaded shared library c:\Users\LENOVO iD\.cursor\extensions\redhat.java-1.50.0-win32-x64\jre\21.0.9-win32-x86_64\bin\zip.dll
Event: 0.225 Loaded shared library C:\Users\LENOVO iD\.cursor\extensions\redhat.java-1.50.0-win32-x64\jre\21.0.9-win32-x86_64\bin\instrument.dll
Event: 0.234 Loaded shared library C:\Users\LENOVO iD\.cursor\extensions\redhat.java-1.50.0-win32-x64\jre\21.0.9-win32-x86_64\bin\net.dll
Event: 0.238 Loaded shared library C:\Users\LENOVO iD\.cursor\extensions\redhat.java-1.50.0-win32-x64\jre\21.0.9-win32-x86_64\bin\nio.dll
Event: 0.243 Loaded shared library C:\Users\LENOVO iD\.cursor\extensions\redhat.java-1.50.0-win32-x64\jre\21.0.9-win32-x86_64\bin\zip.dll
Event: 0.271 Loaded shared library C:\Users\LENOVO iD\.cursor\extensions\redhat.java-1.50.0-win32-x64\jre\21.0.9-win32-x86_64\bin\jimage.dll
Event: 0.440 Loaded shared library c:\Users\LENOVO iD\.cursor\extensions\redhat.java-1.50.0-win32-x64\jre\21.0.9-win32-x86_64\bin\verify.dll
Event: 13.346 Loaded shared library C:\Users\LENOVO iD\AppData\Roaming\Cursor\User\globalStorage\redhat.java\1.50.0\config_win\org.eclipse.equinox.launcher\org.eclipse.equinox.launcher.win32.win32.x86_64_1.2.1400.v20250801-0854\eclipse_11916.dll
Event: 32.190 Loaded shared library C:\Users\LENOVO iD\AppData\Local\Temp\jna--1378400504\jna2503179959630201458.dll
Event: 38.690 Loaded shared library C:\Users\LENOVO iD\.gradle\native\1def1411415f61bf3af743bc5b6707747c0891f09f0c88961ee8f79bc544acac\windows-amd64\native-platform.dll
Event: 40.135 Loaded shared library C:\Users\LENOVO iD\.cursor\extensions\redhat.java-1.50.0-win32-x64\jre\21.0.9-win32-x86_64\bin\management.dll
Event: 40.139 Loaded shared library C:\Users\LENOVO iD\.cursor\extensions\redhat.java-1.50.0-win32-x64\jre\21.0.9-win32-x86_64\bin\management_ext.dll

Deoptimization events (20 events):
Event: 3087.537 Thread 0x000001dd680cea20 DEOPT PACKING pc=0x000001dd53378d3c sp=0x0000008b68bfd860
Event: 3087.537 Thread 0x000001dd680cea20 DEOPT UNPACKING pc=0x000001dd528b6da2 sp=0x0000008b68bfd850 mode 2
Event: 3087.537 Thread 0x000001dd680cea20 Uncommon trap: trap_request=0xffffffbe fr.pc=0x000001dd53378d3c relative=0x000000000000075c
Event: 3087.537 Thread 0x000001dd680cea20 Uncommon trap: reason=profile_predicate action=maybe_recompile pc=0x000001dd53378d3c method=org.eclipse.jdt.internal.core.DeltaProcessor.enclosingRootInfo(Lorg/eclipse/core/runtime/IPath;I)Lorg/eclipse/jdt/internal/core/DeltaProcessor$RootInfo; @ 25 c2
Event: 3087.537 Thread 0x000001dd680cea20 DEOPT PACKING pc=0x000001dd53378d3c sp=0x0000008b68bfd9e0
Event: 3087.537 Thread 0x000001dd680cea20 DEOPT UNPACKING pc=0x000001dd528b6da2 sp=0x0000008b68bfd9d0 mode 2
Event: 3087.537 Thread 0x000001dd680cea20 Uncommon trap: trap_request=0xffffffbe fr.pc=0x000001dd53378d3c relative=0x000000000000075c
Event: 3087.537 Thread 0x000001dd680cea20 Uncommon trap: reason=profile_predicate action=maybe_recompile pc=0x000001dd53378d3c method=org.eclipse.jdt.internal.core.DeltaProcessor.enclosingRootInfo(Lorg/eclipse/core/runtime/IPath;I)Lorg/eclipse/jdt/internal/core/DeltaProcessor$RootInfo; @ 25 c2
Event: 3087.537 Thread 0x000001dd680cea20 DEOPT PACKING pc=0x000001dd53378d3c sp=0x0000008b68bfd9e0
Event: 3087.537 Thread 0x000001dd680cea20 DEOPT UNPACKING pc=0x000001dd528b6da2 sp=0x0000008b68bfd9d0 mode 2
Event: 3783.131 Thread 0x000001dd680cea20 DEOPT PACKING pc=0x000001dd4c200f41 sp=0x0000008b68bfeb60
Event: 3783.131 Thread 0x000001dd680cea20 DEOPT UNPACKING pc=0x000001dd528b78e2 sp=0x0000008b68bfe040 mode 0
Event: 3956.708 Thread 0x000001dd65431780 DEOPT PACKING pc=0x000001dd4bb9345b sp=0x0000008b652fe580
Event: 3956.708 Thread 0x000001dd65431780 DEOPT UNPACKING pc=0x000001dd528b78e2 sp=0x0000008b652fda08 mode 0
Event: 4229.182 Thread 0x000001dd680cea20 Uncommon trap: trap_request=0xffffff45 fr.pc=0x000001dd52e97858 relative=0x0000000000000318
Event: 4229.182 Thread 0x000001dd680cea20 Uncommon trap: reason=unstable_if action=reinterpret pc=0x000001dd52e97858 method=java.util.HashMap$HashIterator.<init>(Ljava/util/HashMap;)V @ 45 c2
Event: 4229.182 Thread 0x000001dd680cea20 DEOPT PACKING pc=0x000001dd52e97858 sp=0x0000008b68bfed80
Event: 4229.182 Thread 0x000001dd680cea20 DEOPT UNPACKING pc=0x000001dd528b6da2 sp=0x0000008b68bfec48 mode 2
Event: 8707.983 Thread 0x000001dd680d1180 DEOPT PACKING pc=0x000001dd4c214bc4 sp=0x0000008b68cfe4c0
Event: 8707.983 Thread 0x000001dd680d1180 DEOPT UNPACKING pc=0x000001dd528b78e2 sp=0x0000008b68cfd9a0 mode 0

Classes loaded (20 events):
Event: 166.295 Loading class java/util/zip/CheckedInputStream
Event: 166.295 Loading class java/util/zip/CheckedInputStream done
Event: 466.194 Loading class java/util/stream/Nodes$CollectorTask$OfRef
Event: 466.195 Loading class java/util/stream/Nodes$CollectorTask
Event: 466.196 Loading class java/util/stream/Nodes$CollectorTask done
Event: 466.196 Loading class java/util/stream/Nodes$CollectorTask$OfRef done
Event: 466.197 Loading class java/util/function/LongFunction
Event: 466.197 Loading class java/util/function/LongFunction done
Event: 466.197 Loading class java/util/stream/Nodes$ConcNode
Event: 466.197 Loading class java/util/stream/Nodes$AbstractConcNode
Event: 466.198 Loading class java/util/stream/Nodes$AbstractConcNode done
Event: 466.198 Loading class java/util/stream/Nodes$ConcNode done
Event: 466.220 Loading class java/io/ObjectOutputStream$BlockDataOutputStream
Event: 466.221 Loading class java/io/ObjectOutputStream$BlockDataOutputStream done
Event: 466.221 Loading class java/io/ObjectOutputStream$HandleTable
Event: 466.221 Loading class java/io/ObjectOutputStream$HandleTable done
Event: 466.221 Loading class java/io/ObjectOutputStream$ReplaceTable
Event: 466.221 Loading class java/io/ObjectOutputStream$ReplaceTable done
Event: 3087.514 Loading class java/util/ImmutableCollections$SubList
Event: 3087.523 Loading class java/util/ImmutableCollections$SubList done

Classes unloaded (20 events):
Event: 4279.909 Thread 0x000001dd481eeb30 Unloading class 0x000001dd0100d800 'java/lang/invoke/LambdaForm$MH+0x000001dd0100d800'
Event: 4279.910 Thread 0x000001dd481eeb30 Unloading class 0x000001dd0100d400 'java/lang/invoke/LambdaForm$MH+0x000001dd0100d400'
Event: 4279.910 Thread 0x000001dd481eeb30 Unloading class 0x000001dd0100d000 'java/lang/invoke/LambdaForm$MH+0x000001dd0100d000'
Event: 4279.910 Thread 0x000001dd481eeb30 Unloading class 0x000001dd0100cc00 'java/lang/invoke/LambdaForm$MH+0x000001dd0100cc00'
Event: 4279.910 Thread 0x000001dd481eeb30 Unloading class 0x000001dd0100c800 'java/lang/invoke/LambdaForm$BMH+0x000001dd0100c800'
Event: 4279.910 Thread 0x000001dd481eeb30 Unloading class 0x000001dd0100c000 'java/lang/invoke/LambdaForm$DMH+0x000001dd0100c000'
Event: 4279.911 Thread 0x000001dd481eeb30 Unloading class 0x000001dd01008c00 'java/lang/invoke/LambdaForm$MH+0x000001dd01008c00'
Event: 4279.911 Thread 0x000001dd481eeb30 Unloading class 0x000001dd01008800 'java/lang/invoke/LambdaForm$MH+0x000001dd01008800'
Event: 4279.911 Thread 0x000001dd481eeb30 Unloading class 0x000001dd01008400 'java/lang/invoke/LambdaForm$MH+0x000001dd01008400'
Event: 4279.911 Thread 0x000001dd481eeb30 Unloading class 0x000001dd01007000 'java/lang/invoke/LambdaForm$MH+0x000001dd01007000'
Event: 4279.911 Thread 0x000001dd481eeb30 Unloading class 0x000001dd01006c00 'java/lang/invoke/LambdaForm$MH+0x000001dd01006c00'
Event: 4279.911 Thread 0x000001dd481eeb30 Unloading class 0x000001dd01006800 'java/lang/invoke/LambdaForm$MH+0x000001dd01006800'
Event: 4279.911 Thread 0x000001dd481eeb30 Unloading class 0x000001dd01006400 'java/lang/invoke/LambdaForm$MH+0x000001dd01006400'
Event: 4279.911 Thread 0x000001dd481eeb30 Unloading class 0x000001dd01005c00 'java/lang/invoke/LambdaForm$BMH+0x000001dd01005c00'
Event: 4279.911 Thread 0x000001dd481eeb30 Unloading class 0x000001dd01004800 'java/lang/invoke/LambdaForm$DMH+0x000001dd01004800'
Event: 4279.911 Thread 0x000001dd481eeb30 Unloading class 0x000001dd01002800 'java/lang/invoke/LambdaForm$MH+0x000001dd01002800'
Event: 4279.911 Thread 0x000001dd481eeb30 Unloading class 0x000001dd01002400 'java/lang/invoke/LambdaForm$MH+0x000001dd01002400'
Event: 4279.911 Thread 0x000001dd481eeb30 Unloading class 0x000001dd01002000 'java/lang/invoke/LambdaForm$MH+0x000001dd01002000'
Event: 4279.911 Thread 0x000001dd481eeb30 Unloading class 0x000001dd01001800 'java/lang/invoke/LambdaForm$MH+0x000001dd01001800'
Event: 4279.911 Thread 0x000001dd481eeb30 Unloading class 0x000001dd01000400 'java/lang/invoke/LambdaForm$MH+0x000001dd01000400'

Classes redefined (0 events):
No events

Internal exceptions (20 events):
Event: 5884.869 Thread 0x000001dd6542f6b0 Exception <a 'sun/nio/fs/WindowsException'{0x00000000d5c8aca0}> (0x00000000d5c8aca0) 
thrown [s\src\hotspot\share\prims\jni.cpp, line 520]
Event: 5884.869 Thread 0x000001dd6542f6b0 Exception <a 'sun/nio/fs/WindowsException'{0x00000000d5c8b698}> (0x00000000d5c8b698) 
thrown [s\src\hotspot\share\prims\jni.cpp, line 520]
Event: 6185.264 Thread 0x000001dd6542f6b0 Exception <a 'sun/nio/fs/WindowsException'{0x00000000d600e838}> (0x00000000d600e838) 
thrown [s\src\hotspot\share\prims\jni.cpp, line 520]
Event: 6185.264 Thread 0x000001dd6542f6b0 Exception <a 'sun/nio/fs/WindowsException'{0x00000000d600f210}> (0x00000000d600f210) 
thrown [s\src\hotspot\share\prims\jni.cpp, line 520]
Event: 6496.296 Thread 0x000001dd654310f0 Exception <a 'sun/nio/fs/WindowsException'{0x00000000d60d7a08}> (0x00000000d60d7a08) 
thrown [s\src\hotspot\share\prims\jni.cpp, line 520]
Event: 6496.297 Thread 0x000001dd654310f0 Exception <a 'sun/nio/fs/WindowsException'{0x00000000d60d83e0}> (0x00000000d60d83e0) 
thrown [s\src\hotspot\share\prims\jni.cpp, line 520]
Event: 6878.361 Thread 0x000001dd654310f0 Exception <a 'sun/nio/fs/WindowsException'{0x00000000d5b99198}> (0x00000000d5b99198) 
thrown [s\src\hotspot\share\prims\jni.cpp, line 520]
Event: 6878.362 Thread 0x000001dd654310f0 Exception <a 'sun/nio/fs/WindowsException'{0x00000000d5b9f8c8}> (0x00000000d5b9f8c8) 
thrown [s\src\hotspot\share\prims\jni.cpp, line 520]
Event: 7366.688 Thread 0x000001dd654310f0 Exception <a 'sun/nio/fs/WindowsException'{0x00000000d5d16f10}> (0x00000000d5d16f10) 
thrown [s\src\hotspot\share\prims\jni.cpp, line 520]
Event: 7366.689 Thread 0x000001dd654310f0 Exception <a 'sun/nio/fs/WindowsException'{0x00000000d5d178e8}> (0x00000000d5d178e8) 
thrown [s\src\hotspot\share\prims\jni.cpp, line 520]
Event: 7709.727 Thread 0x000001dd6542f6b0 Exception <a 'sun/nio/fs/WindowsException'{0x00000000d5613ff0}> (0x00000000d5613ff0) 
thrown [s\src\hotspot\share\prims\jni.cpp, line 520]
Event: 7709.728 Thread 0x000001dd6542f6b0 Exception <a 'sun/nio/fs/WindowsException'{0x00000000d56149c8}> (0x00000000d56149c8) 
thrown [s\src\hotspot\share\prims\jni.cpp, line 520]
Event: 8066.449 Thread 0x000001dd6542f6b0 Exception <a 'sun/nio/fs/WindowsException'{0x00000000d5b656d8}> (0x00000000d5b656d8) 
thrown [s\src\hotspot\share\prims\jni.cpp, line 520]
Event: 8066.449 Thread 0x000001dd6542f6b0 Exception <a 'sun/nio/fs/WindowsException'{0x00000000d5b660b0}> (0x00000000d5b660b0) 
thrown [s\src\hotspot\share\prims\jni.cpp, line 520]
Event: 8442.535 Thread 0x000001dd654310f0 Exception <a 'sun/nio/fs/WindowsException'{0x00000000d60c4800}> (0x00000000d60c4800) 
thrown [s\src\hotspot\share\prims\jni.cpp, line 520]
Event: 8442.535 Thread 0x000001dd654310f0 Exception <a 'sun/nio/fs/WindowsException'{0x00000000d60c51f8}> (0x00000000d60c51f8) 
thrown [s\src\hotspot\share\prims\jni.cpp, line 520]
Event: 8890.462 Thread 0x000001dd6542f6b0 Exception <a 'sun/nio/fs/WindowsException'{0x00000000d5aade40}> (0x00000000d5aade40) 
thrown [s\src\hotspot\share\prims\jni.cpp, line 520]
Event: 8890.464 Thread 0x000001dd6542f6b0 Exception <a 'sun/nio/fs/WindowsException'{0x00000000d5aae818}> (0x00000000d5aae818) 
thrown [s\src\hotspot\share\prims\jni.cpp, line 520]
Event: 9498.231 Thread 0x000001dd6542e300 Exception <a 'sun/nio/fs/WindowsException'{0x00000000d5ce99c8}> (0x00000000d5ce99c8) 
thrown [s\src\hotspot\share\prims\jni.cpp, line 520]
Event: 9498.231 Thread 0x000001dd6542e300 Exception <a 'sun/nio/fs/WindowsException'{0x00000000d5cea3c0}> (0x00000000d5cea3c0) 
thrown [s\src\hotspot\share\prims\jni.cpp, line 520]

ZGC Phase Switch (0 events):
No events

VM Operations (20 events):
Event: 9500.911 Executing VM operation: RendezvousGCThreads
Event: 9500.911 Executing VM operation: RendezvousGCThreads done
Event: 9509.966 Executing VM operation: Cleanup
Event: 9509.967 Executing VM operation: Cleanup done
Event: 9517.019 Executing VM operation: Cleanup
Event: 9517.019 Executing VM operation: Cleanup done
Event: 9518.021 Executing VM operation: Cleanup
Event: 9518.021 Executing VM operation: Cleanup done
Event: 9530.561 Executing VM operation: ParallelGCFailedAllocation (Allocation Failure)
Event: 9530.572 Executing VM operation: ParallelGCFailedAllocation (Allocation Failure) done
Event: 9557.638 Executing VM operation: Cleanup
Event: 9557.638 Executing VM operation: Cleanup done
Event: 9561.082 Executing VM operation: HandshakeAllThreads (HandshakeForDeflation)
Event: 9561.082 Executing VM operation: HandshakeAllThreads (HandshakeForDeflation) done
Event: 9561.082 Executing VM operation: RendezvousGCThreads
Event: 9561.082 Executing VM operation: RendezvousGCThreads done
Event: 9588.186 Executing VM operation: Cleanup
Event: 9588.186 Executing VM operation: Cleanup done
Event: 9707.781 Executing VM operation: Cleanup
Event: 9707.782 Executing VM operation: Cleanup done

Memory protections (0 events):
No events

Nmethod flushes (20 events):
Event: 4280.333 Thread 0x000001dd481eeb30 flushing  nmethod 0x000001dd4bba8410
Event: 4280.333 Thread 0x000001dd481eeb30 flushing  nmethod 0x000001dd4bba9310
Event: 4280.333 Thread 0x000001dd481eeb30 flushing  nmethod 0x000001dd4bba9910
Event: 4280.333 Thread 0x000001dd481eeb30 flushing  nmethod 0x000001dd4bbaa190
Event: 4280.333 Thread 0x000001dd481eeb30 flushing  nmethod 0x000001dd4bbb3490
Event: 4280.333 Thread 0x000001dd481eeb30 flushing  nmethod 0x000001dd4bbb4d10
Event: 4280.333 Thread 0x000001dd481eeb30 flushing  nmethod 0x000001dd4bbb5090
Event: 4280.333 Thread 0x000001dd481eeb30 flushing  nmethod 0x000001dd4bbd0590
Event: 4280.334 Thread 0x000001dd481eeb30 flushing osr nmethod 0x000001dd4bbea810
Event: 4280.334 Thread 0x000001dd481eeb30 flushing  nmethod 0x000001dd4bbef010
Event: 4280.334 Thread 0x000001dd481eeb30 flushing  nmethod 0x000001dd4bbefe90
Event: 4280.334 Thread 0x000001dd481eeb30 flushing  nmethod 0x000001dd4bbf0210
Event: 4280.334 Thread 0x000001dd481eeb30 flushing  nmethod 0x000001dd4bbf0610
Event: 4280.334 Thread 0x000001dd481eeb30 flushing  nmethod 0x000001dd4bbf0d10
Event: 4280.334 Thread 0x000001dd481eeb30 flushing  nmethod 0x000001dd4bbf2190
Event: 4280.334 Thread 0x000001dd481eeb30 flushing  nmethod 0x000001dd4bbf2a90
Event: 4280.334 Thread 0x000001dd481eeb30 flushing  nmethod 0x000001dd4bbf2e90
Event: 4280.334 Thread 0x000001dd481eeb30 flushing  nmethod 0x000001dd4bbf4690
Event: 4280.334 Thread 0x000001dd481eeb30 flushing  nmethod 0x000001dd4bbf6110
Event: 4280.335 Thread 0x000001dd481eeb30 flushing  nmethod 0x000001dd4bc01c10

Events (20 events):
Event: 8066.444 Thread 0x000001dd6542f6b0 Thread added: 0x000001dd654310f0
Event: 8066.445 Thread 0x000001dd654310f0 Thread exited: 0x000001dd654310f0
Event: 8066.451 Thread 0x000001dd6542f6b0 Thread added: 0x000001dd654310f0
Event: 8066.451 Thread 0x000001dd654310f0 Thread exited: 0x000001dd654310f0
Event: 8210.523 Thread 0x000001dd6542f6b0 Thread added: 0x000001dd654310f0
Event: 8270.527 Thread 0x000001dd6542e300 Thread exited: 0x000001dd6542e300
Event: 8442.530 Thread 0x000001dd654310f0 Thread added: 0x000001dd6542e300
Event: 8442.531 Thread 0x000001dd6542e300 Thread exited: 0x000001dd6542e300
Event: 8442.537 Thread 0x000001dd654310f0 Thread added: 0x000001dd6542e300
Event: 8442.538 Thread 0x000001dd6542e300 Thread exited: 0x000001dd6542e300
Event: 8442.655 Thread 0x000001dd6542f6b0 Thread added: 0x000001dd6542e300
Event: 8502.666 Thread 0x000001dd654310f0 Thread exited: 0x000001dd654310f0
Event: 8890.450 Thread 0x000001dd6542f6b0 Thread added: 0x000001dd654310f0
Event: 8890.453 Thread 0x000001dd654310f0 Thread exited: 0x000001dd654310f0
Event: 8890.469 Thread 0x000001dd6542f6b0 Thread added: 0x000001dd654310f0
Event: 8890.470 Thread 0x000001dd654310f0 Thread exited: 0x000001dd654310f0
Event: 9498.221 Thread 0x000001dd6542e300 Thread added: 0x000001dd654310f0
Event: 9498.223 Thread 0x000001dd654310f0 Thread exited: 0x000001dd654310f0
Event: 9498.235 Thread 0x000001dd6542e300 Thread added: 0x000001dd654310f0
Event: 9498.236 Thread 0x000001dd654310f0 Thread exited: 0x000001dd654310f0


Dynamic libraries:
0x00007ff639390000 - 0x00007ff63939e000 	c:\Users\LENOVO iD\.cursor\extensions\redhat.java-1.50.0-win32-x64\jre\21.0.9-win32-x86_64\bin\java.exe
0x00007ffeb0160000 - 0x00007ffeb03c7000 	C:\WINDOWS\SYSTEM32\ntdll.dll
0x00007ffeae4a0000 - 0x00007ffeae569000 	C:\WINDOWS\System32\KERNEL32.DLL
0x00007ffead720000 - 0x00007ffeadb0f000 	C:\WINDOWS\System32\KERNELBASE.dll
0x00007ffead2b0000 - 0x00007ffead3fb000 	C:\WINDOWS\System32\ucrtbase.dll
0x00007ffe88db0000 - 0x00007ffe88dce000 	c:\Users\LENOVO iD\.cursor\extensions\redhat.java-1.50.0-win32-x64\jre\21.0.9-win32-x86_64\bin\VCRUNTIME140.dll
0x00007ffe89230000 - 0x00007ffe89248000 	c:\Users\LENOVO iD\.cursor\extensions\redhat.java-1.50.0-win32-x64\jre\21.0.9-win32-x86_64\bin\jli.dll
0x00007ffeaf120000 - 0x00007ffeaf2e5000 	C:\WINDOWS\System32\USER32.dll
0x00007ffead4b0000 - 0x00007ffead4d7000 	C:\WINDOWS\System32\win32u.dll
0x00007ffeb00f0000 - 0x00007ffeb011b000 	C:\WINDOWS\System32\GDI32.dll
0x00007ffeadb20000 - 0x00007ffeadc4c000 	C:\WINDOWS\System32\gdi32full.dll
0x00007ffe95f20000 - 0x00007ffe961b3000 	C:\WINDOWS\WinSxS\amd64_microsoft.windows.common-controls_6595b64144ccf1df_6.0.26100.7309_none_3e05feeae336a044\COMCTL32.dll
0x00007ffead400000 - 0x00007ffead4a3000 	C:\WINDOWS\System32\msvcp_win.dll
0x00007ffeafde0000 - 0x00007ffeafe89000 	C:\WINDOWS\System32\msvcrt.dll
0x00007ffeaf300000 - 0x00007ffeaf331000 	C:\WINDOWS\System32\IMM32.DLL
0x00007ffea7440000 - 0x00007ffea744c000 	c:\Users\LENOVO iD\.cursor\extensions\redhat.java-1.50.0-win32-x64\jre\21.0.9-win32-x86_64\bin\vcruntime140_1.dll
0x00007ffe74ad0000 - 0x00007ffe74b5d000 	c:\Users\LENOVO iD\.cursor\extensions\redhat.java-1.50.0-win32-x64\jre\21.0.9-win32-x86_64\bin\msvcp140.dll
0x00007ffe21620000 - 0x00007ffe223c0000 	c:\Users\LENOVO iD\.cursor\extensions\redhat.java-1.50.0-win32-x64\jre\21.0.9-win32-x86_64\bin\server\jvm.dll
0x00007ffeae590000 - 0x00007ffeae644000 	C:\WINDOWS\System32\ADVAPI32.dll
0x00007ffeafea0000 - 0x00007ffeaff46000 	C:\WINDOWS\System32\sechost.dll
0x00007ffeaef80000 - 0x00007ffeaf098000 	C:\WINDOWS\System32\RPCRT4.dll
0x00007ffeae6e0000 - 0x00007ffeae754000 	C:\WINDOWS\System32\WS2_32.dll
0x00007ffeabec0000 - 0x00007ffeabf1e000 	C:\WINDOWS\SYSTEM32\POWRPROF.dll
0x00007ffe9f810000 - 0x00007ffe9f845000 	C:\WINDOWS\SYSTEM32\WINMM.dll
0x00007ffea5720000 - 0x00007ffea572b000 	C:\WINDOWS\SYSTEM32\VERSION.dll
0x00007ffeabea0000 - 0x00007ffeabeb4000 	C:\WINDOWS\SYSTEM32\UMPDC.dll
0x00007ffeac180000 - 0x00007ffeac19b000 	C:\WINDOWS\SYSTEM32\kernel.appcore.dll
0x00007ffe92e00000 - 0x00007ffe92e0a000 	c:\Users\LENOVO iD\.cursor\extensions\redhat.java-1.50.0-win32-x64\jre\21.0.9-win32-x86_64\bin\jimage.dll
0x00007ffe9ebf0000 - 0x00007ffe9ee32000 	C:\WINDOWS\SYSTEM32\DBGHELP.DLL
0x00007ffeaf420000 - 0x00007ffeaf7a6000 	C:\WINDOWS\System32\combase.dll
0x00007ffeaf340000 - 0x00007ffeaf416000 	C:\WINDOWS\System32\OLEAUT32.dll
0x00007ffe7f010000 - 0x00007ffe7f04c000 	C:\WINDOWS\SYSTEM32\dbgcore.DLL
0x00007ffeadc50000 - 0x00007ffeadcf5000 	C:\WINDOWS\System32\bcryptPrimitives.dll
0x00007ffe90410000 - 0x00007ffe9041f000 	c:\Users\LENOVO iD\.cursor\extensions\redhat.java-1.50.0-win32-x64\jre\21.0.9-win32-x86_64\bin\instrument.dll
0x00007ffe8a190000 - 0x00007ffe8a1b0000 	c:\Users\LENOVO iD\.cursor\extensions\redhat.java-1.50.0-win32-x64\jre\21.0.9-win32-x86_64\bin\java.dll
0x00007ffeae7b0000 - 0x00007ffeaef03000 	C:\WINDOWS\System32\SHELL32.dll
0x00007ffeadd90000 - 0x00007ffeadefa000 	C:\WINDOWS\System32\wintypes.dll
0x00007ffeaaea0000 - 0x00007ffeab6fe000 	C:\WINDOWS\SYSTEM32\windows.storage.dll
0x00007ffeae390000 - 0x00007ffeae484000 	C:\WINDOWS\System32\SHCORE.dll
0x00007ffeaef10000 - 0x00007ffeaef76000 	C:\WINDOWS\System32\shlwapi.dll
0x00007ffead1d0000 - 0x00007ffead1f9000 	C:\WINDOWS\SYSTEM32\profapi.dll
0x00007ffe8a140000 - 0x00007ffe8a158000 	c:\Users\LENOVO iD\.cursor\extensions\redhat.java-1.50.0-win32-x64\jre\21.0.9-win32-x86_64\bin\zip.dll
0x00007ffe92580000 - 0x00007ffe92590000 	C:\Users\LENOVO iD\.cursor\extensions\redhat.java-1.50.0-win32-x64\jre\21.0.9-win32-x86_64\bin\net.dll
0x00007ffea6bd0000 - 0x00007ffea6cf8000 	C:\WINDOWS\SYSTEM32\WINHTTP.dll
0x00007ffeac6f0000 - 0x00007ffeac75b000 	C:\WINDOWS\system32\mswsock.dll
0x00007ffe88c10000 - 0x00007ffe88c26000 	C:\Users\LENOVO iD\.cursor\extensions\redhat.java-1.50.0-win32-x64\jre\21.0.9-win32-x86_64\bin\nio.dll
0x00007ffe8e760000 - 0x00007ffe8e770000 	c:\Users\LENOVO iD\.cursor\extensions\redhat.java-1.50.0-win32-x64\jre\21.0.9-win32-x86_64\bin\verify.dll
0x00007ffe7cf60000 - 0x00007ffe7cfa4000 	C:\Users\LENOVO iD\AppData\Roaming\Cursor\User\globalStorage\redhat.java\1.50.0\config_win\org.eclipse.equinox.launcher\org.eclipse.equinox.launcher.win32.win32.x86_64_1.2.1400.v20250801-0854\eclipse_11916.dll
0x00007ffeafa60000 - 0x00007ffeafbf7000 	C:\WINDOWS\System32\ole32.dll
0x00007ffeac9b0000 - 0x00007ffeac9cb000 	C:\WINDOWS\SYSTEM32\CRYPTSP.dll
0x00007ffeac0e0000 - 0x00007ffeac11a000 	C:\WINDOWS\system32\rsaenh.dll
0x00007ffeac7a0000 - 0x00007ffeac7cb000 	C:\WINDOWS\SYSTEM32\USERENV.dll
0x00007ffead1a0000 - 0x00007ffead1ca000 	C:\WINDOWS\SYSTEM32\bcrypt.dll
0x00007ffeac9d0000 - 0x00007ffeac9dc000 	C:\WINDOWS\SYSTEM32\CRYPTBASE.dll
0x00007ffeabb10000 - 0x00007ffeabb44000 	C:\WINDOWS\SYSTEM32\IPHLPAPI.DLL
0x00007ffeafe90000 - 0x00007ffeafe9a000 	C:\WINDOWS\System32\NSI.dll
0x00007ffe741f0000 - 0x00007ffe74239000 	C:\Users\LENOVO iD\AppData\Local\Temp\jna--1378400504\jna2503179959630201458.dll
0x00007ffeae490000 - 0x00007ffeae498000 	C:\WINDOWS\System32\PSAPI.DLL
0x00007ffea6e70000 - 0x00007ffea6e8e000 	C:\WINDOWS\SYSTEM32\dhcpcsvc6.DLL
0x00007ffea6e40000 - 0x00007ffea6e63000 	C:\WINDOWS\SYSTEM32\dhcpcsvc.DLL
0x00007ffe5e3c0000 - 0x00007ffe5e3e7000 	C:\Users\LENOVO iD\.gradle\native\1def1411415f61bf3af743bc5b6707747c0891f09f0c88961ee8f79bc544acac\windows-amd64\native-platform.dll
0x00007ffe8a180000 - 0x00007ffe8a18a000 	C:\Users\LENOVO iD\.cursor\extensions\redhat.java-1.50.0-win32-x64\jre\21.0.9-win32-x86_64\bin\management.dll
0x00007ffe892d0000 - 0x00007ffe892dc000 	C:\Users\LENOVO iD\.cursor\extensions\redhat.java-1.50.0-win32-x64\jre\21.0.9-win32-x86_64\bin\management_ext.dll

JVMTI agents:
c:\Users\LENOVO iD\.cursor\extensions\redhat.java-1.50.0-win32-x64\lombok\lombok-1.18.39-4050.jar path:c:\Users\LENOVO iD\.cursor\extensions\redhat.java-1.50.0-win32-x64\jre\21.0.9-win32-x86_64\bin\instrument.dll, loaded, initialized, instrumentlib options:none

dbghelp: loaded successfully - version: 4.0.5 - missing functions: none
symbol engine: initialized successfully - sym options: 0x614 - pdb path: .;c:\Users\LENOVO iD\.cursor\extensions\redhat.java-1.50.0-win32-x64\jre\21.0.9-win32-x86_64\bin;C:\WINDOWS\SYSTEM32;C:\WINDOWS\WinSxS\amd64_microsoft.windows.common-controls_6595b64144ccf1df_6.0.26100.7309_none_3e05feeae336a044;c:\Users\LENOVO iD\.cursor\extensions\redhat.java-1.50.0-win32-x64\jre\21.0.9-win32-x86_64\bin\server;C:\Users\LENOVO iD\AppData\Roaming\Cursor\User\globalStorage\redhat.java\1.50.0\config_win\org.eclipse.equinox.launcher\org.eclipse.equinox.launcher.win32.win32.x86_64_1.2.1400.v20250801-0854;C:\Users\LENOVO iD\AppData\Local\Temp\jna--1378400504;C:\Users\LENOVO iD\.gradle\native\1def1411415f61bf3af743bc5b6707747c0891f09f0c88961ee8f79bc544acac\windows-amd64

VM Arguments:
jvm_args: --add-modules=ALL-SYSTEM --add-opens=java.base/java.util=ALL-UNNAMED --add-opens=java.base/java.lang=ALL-UNNAMED --add-opens=java.base/sun.nio.fs=ALL-UNNAMED -Declipse.application=org.eclipse.jdt.ls.core.id1 -Dosgi.bundles.defaultStartLevel=4 -Declipse.product=org.eclipse.jdt.ls.core.product -Djava.import.generatesMetadataFilesAtProjectRoot=false -DDetectVMInstallationsJob.disabled=true -Dfile.encoding=utf8 -XX:+UseParallelGC -XX:GCTimeRatio=4 -XX:AdaptiveSizePolicyWeight=90 -Dsun.zip.disableMemoryMapping=true -Xmx2G -Xms100m -Xlog:disable -javaagent:c:\Users\LENOVO iD\.cursor\extensions\redhat.java-1.50.0-win32-x64\lombok\lombok-1.18.39-4050.jar -XX:+HeapDumpOnOutOfMemoryError -XX:HeapDumpPath=c:\Users\LENOVO iD\AppData\Roaming\Cursor\User\workspaceStorage\048ef7a64e5ff51046f05953e101c283\redhat.java -Daether.dependencyCollector.impl=bf 
java_command: c:\Users\LENOVO iD\.cursor\extensions\redhat.java-1.50.0-win32-x64\server\plugins\org.eclipse.equinox.launcher_1.7.100.v20251111-0406.jar -configuration c:\Users\LENOVO iD\AppData\Roaming\Cursor\User\globalStorage\redhat.java\1.50.0\config_win -data c:\Users\LENOVO iD\AppData\Roaming\Cursor\User\workspaceStorage\048ef7a64e5ff51046f05953e101c283\redhat.java\jdt_ws --pipe=\\.\pipe\lsp-ab749b1466f389679e1dcd9d7c201c63-sock
java_class_path (initial): c:\Users\LENOVO iD\.cursor\extensions\redhat.java-1.50.0-win32-x64\server\plugins\org.eclipse.equinox.launcher_1.7.100.v20251111-0406.jar
Launcher Type: SUN_STANDARD

[Global flags]
    uintx AdaptiveSizePolicyWeight                 = 90                                        {product} {command line}
     intx CICompilerCount                          = 4                                         {product} {ergonomic}
    uintx GCTimeRatio                              = 4                                         {product} {command line}
     bool HeapDumpOnOutOfMemoryError               = true                                   {manageable} {command line}
    ccstr HeapDumpPath                             = c:\Users\LENOVO iD\AppData\Roaming\Cursor\User\workspaceStorage\048ef7a64e5ff51046f05953e101c283\redhat.java         {manageable} {command line}
   size_t InitialHeapSize                          = 104857600                                 {product} {command line}
   size_t MaxHeapSize                              = 2147483648                                {product} {command line}
   size_t MaxNewSize                               = 715653120                                 {product} {ergonomic}
   size_t MinHeapDeltaBytes                        = 524288                                    {product} {ergonomic}
   size_t MinHeapSize                              = 104857600                                 {product} {command line}
   size_t NewSize                                  = 34603008                                  {product} {ergonomic}
    uintx NonNMethodCodeHeapSize                   = 5839372                                {pd product} {ergonomic}
    uintx NonProfiledCodeHeapSize                  = 122909434                              {pd product} {ergonomic}
   size_t OldSize                                  = 70254592                                  {product} {ergonomic}
    uintx ProfiledCodeHeapSize                     = 122909434                              {pd product} {ergonomic}
    uintx ReservedCodeCacheSize                    = 251658240                              {pd product} {ergonomic}
     bool SegmentedCodeCache                       = true                                      {product} {ergonomic}
   size_t SoftMaxHeapSize                          = 2147483648                             {manageable} {ergonomic}
     bool UseCompressedOops                        = true                           {product lp64_product} {ergonomic}
     bool UseLargePagesIndividualAllocation        = false                                  {pd product} {ergonomic}
     bool UseParallelGC                            = true                                      {product} {command line}

Logging:
Log output configuration:
 #0: stdout all=off uptime,level,tags foldmultilines=false
 #1: stderr all=off uptime,level,tags foldmultilines=false

Release file:
JAVA_VERSION="21.0.9" 
MODULES="java.base java.compiler java.datatransfer java.xml java.prefs java.desktop java.instrument java.logging java.management java.security.sasl java.naming java.rmi java.management.rmi java.net.http java.scripting java.security.jgss java.transaction.xa java.sql java.sql.rowset java.xml.crypto java.se java.smartcardio jdk.accessibility jdk.internal.jvmstat jdk.attach jdk.charsets jdk.internal.opt jdk.zipfs jdk.compiler jdk.crypto.ec jdk.crypto.cryptoki jdk.crypto.mscapi jdk.dynalink jdk.internal.ed jdk.editpad jdk.hotspot.agent jdk.httpserver jdk.internal.le jdk.internal.vm.ci jdk.internal.vm.compiler jdk.internal.vm.compiler.management jdk.jartool jdk.javadoc jdk.jcmd jdk.management jdk.management.agent jdk.jconsole jdk.jdeps jdk.jdwp.agent jdk.jdi jdk.jfr jdk.jshell jdk.jsobject jdk.jstatd jdk.localedata jdk.management.jfr jdk.naming.dns jdk.naming.rmi jdk.net jdk.nio.mapmode jdk.random jdk.sctp jdk.security.auth jdk.security.jgss jdk.unsupported jdk.unsupported.desktop jdk.xml.dom" 

Environment Variables:
JAVA_HOME=C:\Program Files\Eclipse Adoptium\jdk-17.0.13.11-hotspot\
PATH=C:\Program Files\Common Files\Oracle\Java\javapath;C:\Program Files\Eclipse Adoptium\jdk-17.0.13.11-hotspot\bin;C:\WINDOWS\system32;C:\WINDOWS;C:\WINDOWS\System32\Wbem;C:\WINDOWS\System32\WindowsPowerShell\v1.0\;C:\WINDOWS\System32\OpenSSH\;C:\Program Files (x86)\NVIDIA Corporation\PhysX\Common;C:\Program Files\dotnet\;C:\Program Files\NVIDIA Corporation\NVIDIA app\NvDLISR;C:\Program Files\nodejs\;C:\Program Files\Git\cmd;D:\game data\cursor\resources\app\bin;C:\Users\LENOVO iD\AppData\Local\Programs\Python\Python313\Scripts\;C:\Users\LENOVO iD\AppData\Local\Programs\Python\Python313\;C:\Users\LENOVO iD\AppData\Local\Programs\Python\Launcher\;C:\Users\LENOVO iD\AppData\Local\Programs\Eclipse Adoptium\jdk-21.0.5.11-hotspot\bin;C:\Users\LENOVO iD\AppData\Local\Microsoft\WindowsApps;C:\Users\LENOVO iD\AppData\Local\Programs\Microsoft VS Code\bin;C:\Users\LENOVO iD\.dotnet\tools;C:\Users\LENOVO iD\AppData\Roaming\npm
USERNAME=LENOVO iD
OS=Windows_NT
PROCESSOR_IDENTIFIER=AMD64 Family 25 Model 116 Stepping 1, AuthenticAMD
TMP=C:\Users\LENOVO~1\AppData\Local\Temp
TEMP=C:\Users\LENOVO~1\AppData\Local\Temp




Periodic native trim disabled

---------------  S Y S T E M  ---------------

OS:
 Windows 11 , 64 bit Build 26100 (10.0.26100.7309)
OS uptime: 0 days 20:43 hours
Hyper-V role detected

CPU: total 12 (initial active 12) (12 cores per cpu, 2 threads per core) family 25 model 116 stepping 1 microcode 0xa70410a, cx8, cmov, fxsr, ht, mmx, 3dnowpref, sse, sse2, sse3, ssse3, sse4a, sse4.1, sse4.2, popcnt, lzcnt, tsc, tscinvbit, avx, avx2, aes, erms, clmul, bmi1, bmi2, adx, avx512f, avx512dq, avx512cd, avx512bw, avx512vl, sha, fma, vzeroupper, avx512_vpopcntdq, avx512_vpclmulqdq, avx512_vaes, avx512_vnni, clflush, clflushopt, avx512_vbmi2, avx512_vbmi, hv, rdtscp, rdpid, fsrm, gfni, avx512_bitalg, f16c, cet_ss, avx512_ifma
Processor Information for the first 12 processors :
  Max Mhz: 4301, Current Mhz: 2483, Mhz Limit: 4301

Memory: 4k page, system-wide physical 15554M (644M free)
TotalPageFile size 41174M (AvailPageFile size 2M)
current process WorkingSet (physical memory assigned to process): 34M, peak: 262M
current process commit charge ("private bytes"): 347M, peak: 385M

vm_info: OpenJDK 64-Bit Server VM (21.0.9+10-LTS) for windows-amd64 JRE (21.0.9+10-LTS), built on 2025-10-21T00:00:00Z by "admin" with unknown MS VC++:1942

END.
